          "newmethod time for", "Input/big_empty_deg1.in", "is", 0.229

function           depth    calls     time    time%         bytes   bytes%
---------------------------------------------------------------------------
VerticesAndRays        1        3    0.179    78.17      30879416    69.37
FacetIntegerHull       2        2    0.050    21.83      13562192    30.47
New_replaceNonIntegerFacets      0        0    0.000     0.00             0     0.00
triangle_convex_hull      0        0    0.000     0.00             0     0.00
replaceRationalVertices      0        0    0.000     0.00             0     0.00
IntegerHull2D          0        0    0.000     0.00             0     0.00
IntegerHull            1        1    0.000     0.00         75384     0.17
ConvexHull             0        0    0.000     0.00             0     0.00
---------------------------------------------------------------------------
total:                 4        6    0.229   100.00      44516992   100.00
--
              "newmethod time for", "Input/cube_3.in", "is", 0.229

function           depth    calls     time    time%         bytes   bytes%
---------------------------------------------------------------------------
VerticesAndRays        1       13    0.197    86.03      39291984    92.00
IntegerHull            1        1    0.028    12.23       3323528     7.78
ConvexHull             1        1    0.004     1.75         93160     0.22
New_replaceNonIntegerFacets      0        0    0.000     0.00             0     0.00
triangle_convex_hull      0        0    0.000     0.00             0     0.00
replaceRationalVertices      0        0    0.000     0.00             0     0.00
FacetIntegerHull       0        0    0.000     0.00             0     0.00
IntegerHull2D          0        0    0.000     0.00             0     0.00
---------------------------------------------------------------------------
total:                 3       15    0.229   100.00      42708672   100.00
--
             "newmethod time for", "Input/cubocta.ine", "is", 1.367

function           depth    calls     time    time%         bytes   bytes%
---------------------------------------------------------------------------
VerticesAndRays        1       25    1.116    82.89     212623912    84.11
IntegerHull            1        1    0.246    16.77      40080696    15.85
ConvexHull             1        1    0.005     0.34         94896     0.04
New_replaceNonIntegerFacets      0        0    0.000     0.00             0     0.00
triangle_convex_hull      0        0    0.000     0.00             0     0.00
replaceRationalVertices      0        0    0.000     0.00             0     0.00
FacetIntegerHull       0        0    0.000     0.00             0     0.00
IntegerHull2D          0        0    0.000     0.00             0     0.00
---------------------------------------------------------------------------
total:                 3       27    1.367   100.00     252799504   100.00
--
           "newmethod time for", "Input/cyclic10-4.ext", "is", 3.376

function           depth    calls     time    time%         bytes   bytes%
---------------------------------------------------------------------------
VerticesAndRays        1       25    3.007    89.99     555053248    90.19
IntegerHull            1        1    0.349    10.01      60373480     9.81
New_replaceNonIntegerFacets      0        0    0.000     0.00             0     0.00
triangle_convex_hull      0        0    0.000     0.00             0     0.00
replaceRationalVertices      0        0    0.000     0.00             0     0.00
FacetIntegerHull       0        0    0.000     0.00             0     0.00
IntegerHull2D          0        0    0.000     0.00             0     0.00
ConvexHull             1        1    0.000     0.00         16688     0.00
---------------------------------------------------------------------------
total:                 3       27    3.376   100.00     615443416   100.00
--
    "newmethod time for", "Input/dodecahedron-v.IntHull.ref.1", "is", 0.507

function           depth    calls     time    time%         bytes   bytes%
---------------------------------------------------------------------------
VerticesAndRays        1       13    0.426    84.02      76524568    84.89
IntegerHull            1        1    0.081    15.98      13609464    15.10
New_replaceNonIntegerFacets      0        0    0.000     0.00             0     0.00
triangle_convex_hull      0        0    0.000     0.00             0     0.00
replaceRationalVertices      0        0    0.000     0.00             0     0.00
FacetIntegerHull       0        0    0.000     0.00             0     0.00
IntegerHull2D          0        0    0.000     0.00             0     0.00
ConvexHull             1        1    0.000     0.00         15664     0.02
---------------------------------------------------------------------------
total:                 3       15    0.507   100.00      90149696   100.00
--
    "newmethod time for", "Input/dodecahedron-v.IntHull.ref.2", "is", 0.472

function           depth    calls     time    time%         bytes   bytes%
---------------------------------------------------------------------------
VerticesAndRays        1       13    0.382    81.33      78450240    85.15
IntegerHull            1        1    0.083    17.22      13589800    14.75
ConvexHull             1        1    0.007     1.45         93608     0.10
New_replaceNonIntegerFacets      0        0    0.000     0.00             0     0.00
triangle_convex_hull      0        0    0.000     0.00             0     0.00
replaceRationalVertices      0        0    0.000     0.00             0     0.00
FacetIntegerHull       0        0    0.000     0.00             0     0.00
IntegerHull2D          0        0    0.000     0.00             0     0.00
---------------------------------------------------------------------------
total:                 3       15    0.472   100.00      92133648   100.00
--
                "newmethod time for", "Input/e0.in", "is", 0.029

function           depth    calls     time    time%         bytes   bytes%
---------------------------------------------------------------------------
VerticesAndRays        1        2    0.012    55.00       5730688    51.91
FacetIntegerHull       1        1    0.018    45.00       5159712    46.74
New_replaceNonIntegerFacets      0        0    0.000     0.00             0     0.00
triangle_convex_hull      0        0    0.000     0.00             0     0.00
replaceRationalVertices      1        1    0.000     0.00           824     0.01
IntegerHull2D          1        1    0.000     0.00         75688     0.69
IntegerHull            1        1    0.000     0.00         71696     0.65
ConvexHull             0        0    0.000     0.00             0     0.00
---------------------------------------------------------------------------
total:                 5        6    0.030   100.00      11038608   100.00
--
            "newmethod time for", "Input/hexocta.ine", "is", 19.606

function           depth    calls     time    time%         bytes   bytes%
---------------------------------------------------------------------------
VerticesAndRays        1       73   18.396    93.85    3520250144    93.62
IntegerHull            1        1    1.206     6.12     239661056     6.37
ConvexHull             1        1    0.005     0.03         92328     0.00
New_replaceNonIntegerFacets      0        0    0.000     0.00             0     0.00
triangle_convex_hull      0        0    0.000     0.00             0     0.00
replaceRationalVertices      0        0    0.000     0.00             0     0.00
FacetIntegerHull       0        0    0.000     0.00             0     0.00
IntegerHull2D          0        0    0.000     0.00             0     0.00
---------------------------------------------------------------------------
total:                 3       75   19.607   100.00    3760003528   100.00
--
           "newmethod time for", "Input/InhomIneqIH.in", "is", 0.032

function           depth    calls     time    time%         bytes   bytes%
---------------------------------------------------------------------------
VerticesAndRays        1        1    0.031    96.88       9239576    97.96
IntegerHull2D          1        1    0.001     3.12        100464     1.07
New_replaceNonIntegerFacets      0        0    0.000     0.00             0     0.00
triangle_convex_hull      1        2    0.000     0.00         47736     0.51
replaceRationalVertices      1        1    0.000     0.00         10904     0.12
FacetIntegerHull       0        0    0.000     0.00             0     0.00
IntegerHull            1        1    0.000     0.00         33032     0.35
ConvexHull             0        0    0.000     0.00             0     0.00
---------------------------------------------------------------------------
total:                 5        6    0.032   100.00       9431712   100.00
--
            "newmethod time for", "Input/irbox20-4.ext", "is", 5.615

function           depth    calls     time    time%         bytes   bytes%
---------------------------------------------------------------------------
VerticesAndRays        1       37    5.116    91.25     963043240    92.11
IntegerHull            1        1    0.499     8.73      82430584     7.88
ConvexHull             1        1    0.001     0.02         17744     0.00
New_replaceNonIntegerFacets      0        0    0.000     0.00             0     0.00
triangle_convex_hull      0        0    0.000     0.00             0     0.00
replaceRationalVertices      0        0    0.000     0.00             0     0.00
FacetIntegerHull       0        0    0.000     0.00             0     0.00
IntegerHull2D          0        0    0.000     0.00             0     0.00
---------------------------------------------------------------------------
total:                 3       39    5.616   100.00    1045491568   100.00
--
               "newmethod time for", "Input/isIC.in", "is", 0.210

function           depth    calls     time    time%         bytes   bytes%
---------------------------------------------------------------------------
VerticesAndRays        1        2    0.149     0.00      33154656     0.00
FacetIntegerHull       1        1    0.060     0.00       6016768     0.00
IntegerHull2D          1        1    0.001     0.00        353160     0.00
IntegerHull            1        1    0.001     0.00         74128     0.00
New_replaceNonIntegerFacets      0        0    0.000     0.00             0     0.00
triangle_convex_hull      0        0    0.000     0.00             0     0.00
replaceRationalVertices      1        1    0.000     0.00           920     0.00
ConvexHull             2        2   -0.211     0.00     -39599632     0.00
---------------------------------------------------------------------------
total:                 7        8    0.000     0.00             0     0.00
--
           "newmethod time for", "Input/Kwak10Codim.in", "is", 4.286

function           depth    calls     time    time%         bytes   bytes%
---------------------------------------------------------------------------
VerticesAndRays        1       33    3.828    89.56     724635432    90.08
IntegerHull            1        1    0.458    10.44      79738056     9.91
New_replaceNonIntegerFacets      0        0    0.000     0.00             0     0.00
triangle_convex_hull      0        0    0.000     0.00             0     0.00
replaceRationalVertices      0        0    0.000     0.00             0     0.00
FacetIntegerHull       0        0    0.000     0.00             0     0.00
IntegerHull2D          0        0    0.000     0.00             0     0.00
ConvexHull             1        1    0.000     0.00         17712     0.00
---------------------------------------------------------------------------
total:                 3       35    4.286   100.00     804391200   100.00
--
           "newmethod time for", "Input/project1res.ine", "is", 1.631

function           depth    calls     time    time%         bytes   bytes%
---------------------------------------------------------------------------
VerticesAndRays        1       37    1.520    93.59     295340008    93.04
IntegerHull            1        1    0.106     6.12      21985496     6.93
ConvexHull             1        1    0.005     0.29         97336     0.03
New_replaceNonIntegerFacets      0        0    0.000     0.00             0     0.00
triangle_convex_hull      0        0    0.000     0.00             0     0.00
replaceRationalVertices      0        0    0.000     0.00             0     0.00
FacetIntegerHull       0        0    0.000     0.00             0     0.00
IntegerHull2D          0        0    0.000     0.00             0     0.00
---------------------------------------------------------------------------
total:                 3       39    1.631   100.00     317422840   100.00
--
                "newmethod time for", "Input/pugh", "is", 13.768

function           depth    calls     time    time%         bytes   bytes%
---------------------------------------------------------------------------
IntegerHull            1        1   11.764    85.54    2265178328    86.09
VerticesAndRays        1       35    2.000    14.42     365787736    13.90
ConvexHull             1        2    0.005     0.04        109072     0.00
New_replaceNonIntegerFacets      0        0    0.000     0.00             0     0.00
triangle_convex_hull      0        0    0.000     0.00             0     0.00
replaceRationalVertices      0        0    0.000     0.00             0     0.00
FacetIntegerHull       0        0    0.000     0.00             0     0.00
IntegerHull2D          0        0    0.000     0.00             0     0.00
---------------------------------------------------------------------------
total:                 3       38   13.769   100.00    2631075136   100.00
--
            "newmethod time for", "Input/redcheck.ext", "is", 0.039

function           depth    calls     time    time%         bytes   bytes%
---------------------------------------------------------------------------
VerticesAndRays        1        1    0.038    97.44       5989416    98.53
IntegerHull2D          1        1    0.001     2.56         30784     0.51
New_replaceNonIntegerFacets      1        1    0.000     0.00         22128     0.36
triangle_convex_hull      0        0    0.000     0.00             0     0.00
replaceRationalVertices      1        1    0.000     0.00           896     0.01
FacetIntegerHull       0        0    0.000     0.00             0     0.00
IntegerHull            1        1    0.000     0.00          4728     0.08
ConvexHull             1        2    0.000     0.00         30688     0.50
---------------------------------------------------------------------------
total:                 6        7    0.039   100.00       6078640   100.00
--
            "newmethod time for", "Input/samplelp1.ine", "is", 1.170

function           depth    calls     time    time%         bytes   bytes%
---------------------------------------------------------------------------
VerticesAndRays        1       14    1.008    86.08     167056304    87.20
FacetIntegerHull       1        1    0.161    13.75      24418888    12.75
IntegerHull            1        1    0.001     0.09         79920     0.04
ConvexHull             1        1    0.001     0.09         16696     0.01
New_replaceNonIntegerFacets      0        0    0.000     0.00             0     0.00
triangle_convex_hull      0        0    0.000     0.00             0     0.00
replaceRationalVertices      0        0    0.000     0.00             0     0.00
IntegerHull2D          0        0    0.000     0.00             0     0.00
---------------------------------------------------------------------------
total:                 4       17    1.171   100.00     191571808   100.00
--
             "newmethod time for", "Input/strange.in", "is", 0.716

function           depth    calls     time    time%         bytes   bytes%
---------------------------------------------------------------------------
VerticesAndRays        1       11    0.569    79.47      99863632    87.57
FacetIntegerHull       1        1    0.147    20.53      14078736    12.35
New_replaceNonIntegerFacets      0        0    0.000     0.00             0     0.00
triangle_convex_hull      0        0    0.000     0.00             0     0.00
replaceRationalVertices      0        0    0.000     0.00             0     0.00
IntegerHull2D          0        0    0.000     0.00             0     0.00
IntegerHull            1        1    0.000     0.00         74552     0.07
ConvexHull             1        1    0.000     0.00         16408     0.01
---------------------------------------------------------------------------
total:                 4       14    0.716   100.00     114033328   100.00
--
                "newmethod time for", "Input/T41", "is", 16.217

function           depth    calls     time    time%         bytes   bytes%
---------------------------------------------------------------------------
VerticesAndRays        1        1   16.214    99.98    2912334712    99.98
IntegerHull2D          1        1    0.001     0.01        269776     0.01
New_replaceNonIntegerFacets      1        1    0.001     0.01        235808     0.01
IntegerHull            1        1    0.001     0.01         74016     0.00
ConvexHull             1        1    0.001     0.01         17216     0.00
triangle_convex_hull      0        0    0.000     0.00             0     0.00
replaceRationalVertices      1        1    0.000     0.00          1928     0.00
FacetIntegerHull       0        0    0.000     0.00             0     0.00
---------------------------------------------------------------------------
total:                 6        6   16.218   100.00    2912933456   100.00
--
                 "newmethod time for", "Input/T44", "is", 8.869

function           depth    calls     time    time%         bytes   bytes%
---------------------------------------------------------------------------
VerticesAndRays        1        1    8.866    99.97    1621608360    99.97
IntegerHull2D          1        1    0.001     0.01        272672     0.02
New_replaceNonIntegerFacets      1        1    0.001     0.01        149184     0.01
IntegerHull            1        1    0.001     0.01         69704     0.00
triangle_convex_hull      0        0    0.000     0.00             0     0.00
replaceRationalVertices      1        1    0.000     0.00          1808     0.00
FacetIntegerHull       0        0    0.000     0.00             0     0.00
ConvexHull             1        1    0.000     0.00         16960     0.00
---------------------------------------------------------------------------
total:                 6        6    8.869   100.00    1622118688   100.00
--
                 "newmethod time for", "Input/T47", "is", 7.131

function           depth    calls     time    time%         bytes   bytes%
---------------------------------------------------------------------------
VerticesAndRays        1        1    7.129    99.97    1302337672    99.96
New_replaceNonIntegerFacets      1        1    0.001     0.01        159784     0.01
ConvexHull             1        1    0.001     0.01         16864     0.00
triangle_convex_hull      0        0    0.000     0.00             0     0.00
replaceRationalVertices      1        1    0.000     0.00          1736     0.00
FacetIntegerHull       0        0    0.000     0.00             0     0.00
IntegerHull2D          1        1    0.000     0.00        241016     0.02
IntegerHull            1        1    0.000     0.00         66696     0.01
---------------------------------------------------------------------------
total:                 6        6    7.131   100.00    1302823768   100.00
--
                 "newmethod time for", "Input/T50", "is", 8.090

function           depth    calls     time    time%         bytes   bytes%
---------------------------------------------------------------------------
VerticesAndRays        1        1    8.088    99.96    1476546752    99.97
IntegerHull2D          1        1    0.002     0.02        251400     0.02
New_replaceNonIntegerFacets      1        1    0.001     0.01        167008     0.01
triangle_convex_hull      0        0    0.000     0.00             0     0.00
replaceRationalVertices      1        1    0.000     0.00          1784     0.00
FacetIntegerHull       0        0    0.000     0.00             0     0.00
IntegerHull            1        1    0.000     0.00         65528     0.00
ConvexHull             1        1    0.000     0.00         16920     0.00
---------------------------------------------------------------------------
total:                 6        6    8.091   100.00    1477049392   100.00
--
                "newmethod time for", "Input/T53", "is", 13.867

function           depth    calls     time    time%         bytes   bytes%
---------------------------------------------------------------------------
VerticesAndRays        1        1   13.864    99.97    2538315472    99.97
IntegerHull2D          1        1    0.001     0.01        354584     0.01
New_replaceNonIntegerFacets      1        1    0.001     0.01        256552     0.01
IntegerHull            1        1    0.001     0.01         77552     0.00
ConvexHull             1        1    0.001     0.01         17392     0.00
triangle_convex_hull      0        0    0.000     0.00             0     0.00
replaceRationalVertices      1        1    0.000     0.00          2024     0.00
FacetIntegerHull       0        0    0.000     0.00             0     0.00
---------------------------------------------------------------------------
total:                 6        6   13.868   100.00    2539023576   100.00
--
                "newmethod time for", "Input/T56", "is", 17.227

function           depth    calls     time    time%         bytes   bytes%
---------------------------------------------------------------------------
VerticesAndRays        1        1   17.224    99.98    3119763176    99.98
IntegerHull2D          1        1    0.001     0.01        395000     0.01
New_replaceNonIntegerFacets      1        1    0.001     0.01        272456     0.01
IntegerHull            1        1    0.001     0.01         79272     0.00
ConvexHull             1        1    0.001     0.01         17568     0.00
triangle_convex_hull      0        0    0.000     0.00             0     0.00
replaceRationalVertices      1        1    0.000     0.00          2120     0.00
FacetIntegerHull       0        0    0.000     0.00             0     0.00
---------------------------------------------------------------------------
total:                 6        6   17.228   100.00    3120529592   100.00
--
                "newmethod time for", "Input/T61", "is", 10.197

function           depth    calls     time    time%         bytes   bytes%
---------------------------------------------------------------------------
VerticesAndRays        1       47    9.802    96.12    1774459056    96.20
IntegerHull            1        1    0.395     3.87      70150040     3.80
ConvexHull             1        1    0.001     0.01         20560     0.00
New_replaceNonIntegerFacets      0        0    0.000     0.00             0     0.00
triangle_convex_hull      0        0    0.000     0.00             0     0.00
replaceRationalVertices      0        0    0.000     0.00             0     0.00
FacetIntegerHull       0        0    0.000     0.00             0     0.00
IntegerHull2D          0        0    0.000     0.00             0     0.00
---------------------------------------------------------------------------
total:                 3       49   10.198   100.00    1844629656   100.00
--
                "newmethod time for", "Input/T62", "is", 10.229

function           depth    calls     time    time%         bytes   bytes%
---------------------------------------------------------------------------
VerticesAndRays        1       47    9.821    96.01    1780903224    96.19
IntegerHull            1        1    0.403     3.94      70492376     3.81
ConvexHull             1        1    0.005     0.05         20560     0.00
New_replaceNonIntegerFacets      0        0    0.000     0.00             0     0.00
triangle_convex_hull      0        0    0.000     0.00             0     0.00
replaceRationalVertices      0        0    0.000     0.00             0     0.00
FacetIntegerHull       0        0    0.000     0.00             0     0.00
IntegerHull2D          0        0    0.000     0.00             0     0.00
---------------------------------------------------------------------------
total:                 3       49   10.229   100.00    1851416160   100.00
--
                "newmethod time for", "Input/T63", "is", 10.218

function           depth    calls     time    time%         bytes   bytes%
---------------------------------------------------------------------------
VerticesAndRays        1       47    9.758    95.49    1781119416    96.18
IntegerHull            1        1    0.460     4.50      70749632     3.82
ConvexHull             1        1    0.001     0.01         20560     0.00
New_replaceNonIntegerFacets      0        0    0.000     0.00             0     0.00
triangle_convex_hull      0        0    0.000     0.00             0     0.00
replaceRationalVertices      0        0    0.000     0.00             0     0.00
FacetIntegerHull       0        0    0.000     0.00             0     0.00
IntegerHull2D          0        0    0.000     0.00             0     0.00
---------------------------------------------------------------------------
total:                 3       49   10.219   100.00    1851889608   100.00
--
        "newmethod time for", "Input/ThierryApproximate.in", "is", 0.124

function           depth    calls     time    time%         bytes   bytes%
---------------------------------------------------------------------------
VerticesAndRays        1        1    0.123    98.52      21334496    99.16
IntegerHull2D          1        1    0.001     0.74         36128     0.17
IntegerHull            1        1    0.001     0.74         35328     0.16
New_replaceNonIntegerFacets      1        1    0.000     0.00         92304     0.43
triangle_convex_hull      0        0    0.000     0.00             0     0.00
replaceRationalVertices      1        1    0.000     0.00           944     0.00
FacetIntegerHull       0        0    0.000     0.00             0     0.00
ConvexHull             1        1    0.000     0.00         15376     0.07
---------------------------------------------------------------------------
total:                 6        6    0.125   100.00      21514576   100.00
--
     "newmethod time for", "Input/truncated_dodecahefron_dual", "is", 7.498

function           depth    calls     time    time%         bytes   bytes%
---------------------------------------------------------------------------
VerticesAndRays        1        3    7.023    93.74    1312723088    93.66
FacetIntegerHull       2        2    0.475     6.25      88791160     6.33
IntegerHull            1        1    0.001     0.01        123144     0.01
New_replaceNonIntegerFacets      0        0    0.000     0.00             0     0.00
triangle_convex_hull      0        0    0.000     0.00             0     0.00
replaceRationalVertices      0        0    0.000     0.00             0     0.00
IntegerHull2D          0        0    0.000     0.00             0     0.00
ConvexHull             0        0    0.000     0.00             0     0.00
---------------------------------------------------------------------------
total:                 4        6    7.499   100.00    1401637392   100.00
